\BOOKMARK [0][-]{chapter.1}{\376\377\000P\000h\036\247\000n\000\040\000m\036\337\000\040\001\021\036\247\000u}{}% 1
\BOOKMARK [1][-]{section.1.1}{\376\377\001\020\036\267\000t\000\040\000v\036\245\000n\000\040\001\021\036\301}{chapter.1}% 2
\BOOKMARK [1][-]{section.1.2}{\376\377\000M\036\345\000c\000\040\000t\000i\000\352\000u\000\040\000n\000g\000h\000i\000\352\000n\000\040\000c\036\351\000u}{chapter.1}% 3
\BOOKMARK [1][-]{section.1.3}{\376\377\000P\000h\036\241\000m\000\040\000v\000i\000\040\000v\000\340\000\040\000g\000i\036\333\000i\000\040\000h\036\241\000n\000\040\000n\000g\000h\000i\000\352\000n\000\040\000c\036\351\000u}{chapter.1}% 4
\BOOKMARK [1][-]{section.1.4}{\376\377\000B\036\321\000\040\000c\036\345\000c\000\040\000l\000u\036\255\000n\000\040\000v\001\003\000n}{chapter.1}% 5
\BOOKMARK [0][-]{chapter.2}{\376\377\000C\001\241\000\040\000s\036\337\000\040\000l\000\375\000\040\000t\000h\000u\000y\036\277\000t}{}% 6
\BOOKMARK [1][-]{section.2.1}{\376\377\000K\000i\036\277\000n\000\040\000t\000r\000\372\000c\000\040\000B\000u\000i\000l\000d\000\040\000S\000y\000s\000t\000e\000m\000\040\000t\000r\000o\000n\000g\000\040\000Y\000o\000c\000t\000o\000\040\000P\000r\000o\000j\000e\000c\000t}{chapter.2}% 7
\BOOKMARK [2][-]{subsection.2.1.1}{\376\377\000C\000\341\000c\000\040\000t\000h\000\340\000n\000h\000\040\000p\000h\036\247\000n\000\040\000c\000h\000\355\000n\000h\000\040\000t\000r\000o\000n\000g\000\040\000L\000a\000y\000e\000r\000\040\000c\036\347\000a\000\040\000Y\000o\000c\000t\000o\000\040\000P\000r\000o\000j\000e\000c\000t}{section.2.1}% 8
\BOOKMARK [2][-]{subsection.2.1.2}{\376\377\000R\000e\000c\000i\000p\000e\000\040\000t\000r\000o\000n\000g\000\040\000Y\000o\000c\000t\000o}{section.2.1}% 9
\BOOKMARK [2][-]{subsection.2.1.3}{\376\377\000B\000i\000t\000B\000a\000k\000e\000\040\000B\000u\000i\000l\000d\000\040\000E\000n\000g\000i\000n\000e}{section.2.1}% 10
\BOOKMARK [2][-]{subsection.2.1.4}{\376\377\000C\000r\000o\000s\000s\000-\000c\000o\000m\000p\000i\000l\000a\000t\000i\000o\000n\000\040\000t\000r\000o\000n\000g\000\040\000Y\000o\000c\000t\000o}{section.2.1}% 11
\BOOKMARK [1][-]{section.2.2}{\376\377\000L\000i\000n\000u\000x\000\040\000D\000e\000v\000i\000c\000e\000\040\000D\000r\000i\000v\000e\000r}{chapter.2}% 12
\BOOKMARK [2][-]{subsection.2.2.1}{\376\377\000T\036\325\000n\000g\000\040\000q\000u\000a\000n\000\040\000L\000i\000n\000u\000x\000\040\000K\000e\000r\000n\000e\000l}{section.2.2}% 13
\BOOKMARK [2][-]{subsection.2.2.2}{\376\377\000L\000i\000n\000u\000x\000\040\000D\000e\000v\000i\000c\000e\000\040\000D\000r\000i\000v\000e\000r}{section.2.2}% 14
\BOOKMARK [2][-]{subsection.2.2.3}{\376\377\000D\000e\000v\000i\000c\000e\000\040\000T\000r\000e\000e}{section.2.2}% 15
\BOOKMARK [2][-]{subsection.2.2.4}{\376\377\000K\000e\000r\000n\000e\000l\000\040\000M\000o\000d\000u\000l\000e}{section.2.2}% 16
\BOOKMARK [2][-]{subsection.2.2.5}{\376\377\000C\001\241\000\040\000c\000h\036\277\000\040\000t\036\361\000\040\001\021\036\331\000n\000g\000\040\000n\036\241\000p\000\040\000m\000o\000d\000u\000l\000e}{section.2.2}% 17
\BOOKMARK [2][-]{subsection.2.2.6}{\376\377\000X\000\342\000y\000\040\000d\036\361\000n\000g\000\040\000v\000\340\000\040\000t\000\355\000c\000h\000\040\000h\036\343\000p\000\040\000D\000r\000i\000v\000e\000r\000\040\000t\000r\000o\000n\000g\000\040\000Y\000o\000c\000t\000o}{section.2.2}% 18
\BOOKMARK [1][-]{section.2.3}{\376\377\000B\036\243\000o\000\040\000m\036\255\000t\000\040\000h\036\307\000\040\001\021\000i\036\301\000u\000\040\000h\000\340\000n\000h\000\040\000L\000i\000n\000u\000x\000\040\000n\000h\000\372\000n\000g}{chapter.2}% 19
\BOOKMARK [2][-]{subsection.2.3.1}{\376\377\000G\000i\036\243\000m\000\040\000t\000h\000i\036\303\000u\000\040\000t\036\245\000n\000\040\000c\000\364\000n\000g\000\040\000b\036\301\000\040\000m\036\267\000t}{section.2.3}% 20
\BOOKMARK [2][-]{subsection.2.3.2}{\376\377\000B\036\243\000o\000\040\000m\036\255\000t\000\040\000q\000u\000y\036\301\000n\000\040\000t\000r\000u\000y\000\040\000c\036\255\000p\000\040\000v\036\333\000i\000\040\000S\000E\000L\000i\000n\000u\000x}{section.2.3}% 21
\BOOKMARK [2][-]{subsection.2.3.3}{\376\377\000B\036\243\000o\000\040\000m\036\255\000t\000\040\000c\000h\036\321\000n\000g\000\040\000t\036\245\000n\000\040\000c\000\364\000n\000g\000\040\000o\000f\000f\000l\000i\000n\000e\000\040\000v\036\333\000i\000\040\000d\000m\000-\000v\000e\000r\000i\000t\000y}{section.2.3}% 22
\BOOKMARK [1][-]{section.2.4}{\376\377\000E\000d\000g\000e\000\040\000A\000I\000\040\000t\000r\000o\000n\000g\000\040\000h\036\307\000\040\000t\000h\036\321\000n\000g\000\040\000n\000h\000\372\000n\000g}{chapter.2}% 23
\BOOKMARK [2][-]{subsection.2.4.1}{\376\377\000K\000h\000\341\000i\000\040\000n\000i\036\307\000m\000\040\000E\000d\000g\000e\000\040\000A\000I\000\040\000v\000\340\000\040\000l\036\343\000i\000\040\000\355\000c\000h\000\040\000s\000o\000\040\000v\036\333\000i\000\040\000C\000l\000o\000u\000d\000\040\000A\000I}{section.2.4}% 24
\BOOKMARK [2][-]{subsection.2.4.2}{\376\377\000T\036\325\000n\000g\000\040\000q\000u\000a\000n\000\040\000m\000\364\000\040\000h\000\354\000n\000h\000\040\000T\000C\000N\000\040\000\050\000T\000e\000m\000p\000o\000r\000a\000l\000\040\000C\000o\000n\000v\000o\000l\000u\000t\000i\000o\000n\000a\000l\000\040\000N\000e\000t\000w\000o\000r\000k\000\051\000\040\000v\000\340\000\040\000l\000\375\000\040\000d\000o\000\040\000l\036\361\000a\000\040\000c\000h\036\315\000n\000\040\000T\000C\000N}{section.2.4}% 25
\BOOKMARK [2][-]{subsection.2.4.3}{\376\377\001\020\036\313\000n\000h\000\040\000d\036\241\000n\000g\000\040\000m\000\364\000\040\000h\000\354\000n\000h\000\040\000t\000r\000u\000n\000g\000\040\000g\000i\000a\000n\000\040\000v\000\340\000\040\000t\036\321\000i\000\040\001\260\000u\000\040\000h\000\363\000a\000\040\000t\000r\000\352\000n\000\040\000t\000h\000i\036\277\000t\000\040\000b\036\313\000\040\000E\000d\000g\000e}{section.2.4}% 26
\BOOKMARK [1][-]{section.2.5}{\376\377\000G\000i\000a\000o\000\040\000t\000i\036\277\000p\000\040\000p\000h\036\247\000n\000\040\000c\036\351\000n\000g\000\040\000c\000\364\000n\000g\000\040\000n\000g\000h\000i\036\307\000p}{chapter.2}% 27
\BOOKMARK [2][-]{subsection.2.5.1}{\376\377\000C\000h\000u\036\251\000n\000\040\000v\036\255\000t\000\040\000l\000\375\000\040\000R\000S\0004\0008\0005}{section.2.5}% 28
\BOOKMARK [2][-]{subsection.2.5.2}{\376\377\000G\000i\000a\000o\000\040\000t\000h\036\351\000c\000\040\000M\000o\000d\000b\000u\000s\000\040\000R\000T\000U\000\040\000v\000\340\000\040\000c\036\245\000u\000\040\000t\000r\000\372\000c\000\040\000k\000h\000u\000n\000g\000\040\000t\000i\000n}{section.2.5}% 29
\BOOKMARK [1][-]{section.2.6}{\376\377\000K\036\277\000t\000\040\000n\036\321\000i\000\040\000C\000l\000o\000u\000d\000\040\000v\000\340\000\040\000I\000o\000T}{chapter.2}% 30
\BOOKMARK [2][-]{subsection.2.6.1}{\376\377\000T\036\325\000n\000g\000\040\000q\000u\000a\000n\000\040\000v\036\301\000\040\000C\000o\000r\000e\000I\000O\000T}{section.2.6}% 31
\BOOKMARK [2][-]{subsection.2.6.2}{\376\377\000G\000i\000a\000o\000\040\000t\000h\036\351\000c\000\040\000M\000Q\000T\000T\000\040\000t\000r\000o\000n\000g\000\040\000h\036\307\000\040\000t\000h\036\321\000n\000g\000\040\000n\000h\000\372\000n\000g}{section.2.6}% 32
\BOOKMARK [0][-]{chapter.3}{\376\377\000T\000h\000i\036\277\000t\000\040\000k\036\277\000\040\000h\036\307\000\040\000t\000h\036\321\000n\000g}{}% 33
\BOOKMARK [1][-]{section.3.1}{\376\377\000P\000h\000\342\000n\000\040\000t\000\355\000c\000h\000\040\000y\000\352\000u\000\040\000c\036\247\000u}{chapter.3}% 34
\BOOKMARK [2][-]{subsection.3.1.1}{\376\377\000M\000\364\000\040\000t\036\243\000\040\000b\000\340\000i\000\040\000t\000o\000\341\000n}{section.3.1}% 35
\BOOKMARK [2][-]{subsection.3.1.2}{\376\377\000P\000h\000\342\000n\000\040\000t\000\355\000c\000h\000\040\000y\000\352\000u\000\040\000c\036\247\000u\000\040\000c\000h\036\351\000c\000\040\000n\001\003\000n\000g\000\040\000h\036\307\000\040\000t\000h\036\321\000n\000g}{section.3.1}% 36
\BOOKMARK [2][-]{subsection.3.1.3}{\376\377\000P\000h\000\342\000n\000\040\000t\000\355\000c\000h\000\040\000y\000\352\000u\000\040\000c\036\247\000u\000\040\000p\000h\000i\000\040\000c\000h\036\351\000c\000\040\000n\001\003\000n\000g}{section.3.1}% 37
\BOOKMARK [1][-]{section.3.2}{\376\377\000T\000h\000i\036\277\000t\000\040\000k\036\277\000\040\000n\036\301\000n\000\040\000t\036\243\000n\000g}{chapter.3}% 38
\BOOKMARK [2][-]{subsection.3.2.1}{\376\377\000K\000i\036\277\000n\000\040\000t\000r\000\372\000c\000\040\000t\036\325\000n\000g\000\040\000q\000u\000a\000n\000\040\000h\036\307\000\040\000t\000h\036\321\000n\000g}{section.3.2}% 39
\BOOKMARK [2][-]{subsection.3.2.2}{\376\377\000T\000h\000i\036\277\000t\000\040\000k\036\277\000\040\000l\000u\036\323\000n\000g\000\040\000x\036\355\000\040\000l\000\375\000\040\000d\036\357\000\040\000l\000i\036\307\000u}{section.3.2}% 40
\BOOKMARK [2][-]{subsection.3.2.3}{\376\377\000T\000h\000i\036\277\000t\000\040\000k\036\277\000\040\000c\001\241\000\040\000c\000h\036\277\000\040\000t\000r\000u\000y\036\301\000n\000\040\000d\036\357\000\040\000l\000i\036\307\000u\000\040\000g\000i\036\357\000a\000\040\000G\000a\000t\000e\000w\000a\000y\000\040\000v\000\340\000\040\000C\000o\000r\000e\000I\000o\000T}{section.3.2}% 41
\BOOKMARK [1][-]{section.3.3}{\376\377\000T\000h\000i\036\277\000t\000\040\000k\036\277\000\040\000k\000h\036\321\000i\000\040\000x\036\355\000\040\000l\000\375}{chapter.3}% 42
\BOOKMARK [2][-]{subsection.3.3.1}{\376\377\000T\000h\000i\036\277\000t\000\040\000k\036\277\000\040\000k\000h\036\321\000i\000\040\000b\036\243\000o\000\040\000m\036\255\000t}{section.3.3}% 43
\BOOKMARK [2][-]{subsection.3.3.2}{\376\377\000K\000h\036\321\000i\000\040\000x\036\355\000\040\000l\000\375\000\040\000c\036\243\000n\000h\000\040\000b\000\341\000o}{section.3.3}% 44
\BOOKMARK [2][-]{subsection.3.3.3}{\376\377\000T\000h\000i\036\277\000t\000\040\000k\036\277\000\040\000k\000h\036\321\000i\000\040\000x\036\355\000\040\000l\000\375\000\040\000A\000I}{section.3.3}% 45
\BOOKMARK [2][-]{subsection.3.3.4}{\376\377\000T\000h\000i\036\277\000t\000\040\000k\036\277\000\040\000k\000h\036\321\000i\000\040\000x\036\355\000\040\000l\000\375\000\040\000O\000T\000A}{section.3.3}% 46
\BOOKMARK [2][-]{subsection.3.3.5}{\376\377\000T\000h\000i\036\277\000t\000\040\000k\036\277\000\040\000k\000h\036\321\000i\000\040\000x\036\355\000\040\000l\000\375\000\040\000T\000o\000o\000l}{section.3.3}% 47
\BOOKMARK [1][-]{section.3.4}{\376\377\000K\000i\036\277\000n\000\040\000t\000r\000\372\000c\000\040\000t\036\325\000n\000g\000\040\000q\000u\000a\000n\000\040\000D\000r\000i\000v\000e\000r\000\040\000t\000r\000o\000n\000g\000\040\000h\036\307\000\040\000t\000h\036\321\000n\000g\000\040\000Y\000o\000c\000t\000o\000\040\000L\000i\000n\000u\000x}{chapter.3}% 48
\BOOKMARK [2][-]{subsection.3.4.1}{\376\377\000D\000r\000i\000v\000e\000r\000\040\000R\000S\0004\0008\0005}{section.3.4}% 49
\BOOKMARK [2][-]{subsection.3.4.2}{\376\377\000D\000r\000i\000v\000e\000r\000\040\000I\0002\000C}{section.3.4}% 50
\BOOKMARK [0][-]{chapter.4}{\376\377\000H\000i\036\307\000n\000\040\000t\000h\036\361\000c\000\040\000h\036\307\000\040\000t\000h\036\321\000n\000g}{}% 51
\BOOKMARK [1][-]{section.4.1}{\376\377\000H\000i\036\307\000n\000\040\000t\000h\036\361\000c\000\040\000b\036\243\000o\000\040\000m\036\255\000t\000\040\000h\036\307\000\040\000t\000h\036\321\000n\000g}{chapter.4}% 52
\BOOKMARK [2][-]{subsection.4.1.1}{\376\377\000H\000i\036\307\000n\000\040\000t\000h\036\361\000c\000\040\000g\000i\036\243\000m\000\040\000t\000h\000i\036\303\000u\000\040\000b\036\301\000\040\000m\036\267\000t\000\040\000t\036\245\000n\000\040\000c\000\364\000n\000g}{section.4.1}% 53
\BOOKMARK [2][-]{subsection.4.1.2}{\376\377\000H\000i\036\307\000n\000\040\000t\000h\036\361\000c\000\040\000S\000e\000l\000i\000n\000u\000x}{section.4.1}% 54
\BOOKMARK [2][-]{subsection.4.1.3}{\376\377\000H\000i\036\307\000n\000\040\000t\000h\036\361\000c\000\040\000d\000m\000-\000v\000e\000r\000i\000t\000y}{section.4.1}% 55
\BOOKMARK [1][-]{section.4.2}{\376\377\000H\000i\036\307\000n\000\040\000t\000h\036\361\000c\000\040\000D\000e\000v\000i\000c\000e\000\040\000D\000r\000i\000v\000e\000r}{chapter.4}% 56
\BOOKMARK [2][-]{subsection.4.2.1}{\376\377\000T\036\325\000n\000g\000\040\000q\000u\000a\000n\000\040\000k\000i\036\277\000n\000\040\000t\000r\000\372\000c\000\040\000D\000r\000i\000v\000e\000r}{section.4.2}% 57
\BOOKMARK [2][-]{subsection.4.2.2}{\376\377\000H\000i\036\307\000n\000\040\000t\000h\036\361\000c\000\040\000d\000r\000i\000v\000e\000r\000\040\000I\0002\000C}{section.4.2}% 58
\BOOKMARK [2][-]{subsection.4.2.3}{\376\377\000H\000i\036\307\000n\000\040\000t\000h\036\361\000c\000\040\000D\000r\000i\000v\000e\000r\000\040\000R\000S\0004\0008\0005\000\040\000M\000o\000d\000b\000u\000s\000\040\000R\000T\000U}{section.4.2}% 59
\BOOKMARK [1][-]{section.4.3}{\376\377\000H\000i\036\307\000n\000\040\000t\000h\036\361\000c\000\040\000K\000h\036\321\000i\000\040\000x\036\355\000\040\000l\000\375\000\040\000A\000I}{chapter.4}% 60
\BOOKMARK [2][-]{subsection.4.3.1}{\376\377\000T\000h\000i\036\277\000t\000\040\000l\036\255\000p\000\040\000m\000\364\000i\000\040\000t\000r\001\260\036\335\000n\000g\000\040\000v\000\340\000\040\000C\000\364\000n\000g\000\040\000c\036\345\000\040\000h\036\327\000\040\000t\000r\036\343}{section.4.3}% 61
\BOOKMARK [2][-]{subsection.4.3.2}{\376\377\000H\000i\036\307\000n\000\040\000t\000h\036\361\000c\000\040\000T\000i\036\301\000n\000\040\000x\036\355\000\040\000l\000\375\000\040\000v\000\340\000\040\000C\036\245\000u\000\040\000t\000r\000\372\000c\000\040\000h\000\363\000a\000\040\000D\036\357\000\040\000l\000i\036\307\000u}{section.4.3}% 62
\BOOKMARK [2][-]{subsection.4.3.3}{\376\377\000H\000i\036\307\000n\000\040\000t\000h\036\361\000c\000\040\000K\000i\036\277\000n\000\040\000t\000r\000\372\000c\000\040\000M\036\241\000n\000g\000\040\000T\000C\000N}{section.4.3}% 63
\BOOKMARK [2][-]{subsection.4.3.4}{\376\377\000H\000i\036\307\000n\000\040\000t\000h\036\361\000c\000\040\000Q\000u\000y\000\040\000t\000r\000\354\000n\000h\000\040\000H\000u\036\245\000n\000\040\000l\000u\000y\036\307\000n\000\040\000v\000\340\000\040\000G\000i\000\341\000m\000\040\000s\000\341\000t}{section.4.3}% 64
\BOOKMARK [1][-]{section.4.4}{\376\377\000H\000i\036\307\000n\000\040\000t\000h\036\361\000c\000\040\000h\036\307\000\040\000t\000h\036\321\000n\000g\000\040\000c\036\255\000p\000\040\000n\000h\036\255\000p\000\040\000t\036\353\000\040\000x\000a\000\040\000O\000T\000A}{chapter.4}% 65
\BOOKMARK [2][-]{subsection.4.4.1}{\376\377\000T\000\355\000c\000h\000\040\000h\036\343\000p\000\040\000c\000\341\000c\000\040\000L\000a\000y\000e\000r\000\040\000v\000\340\000\040\000C\036\245\000u\000\040\000h\000\354\000n\000h\000\040\000m\000\364\000i\000\040\000t\000r\001\260\036\335\000n\000g\000\040\000Y\000o\000c\000t\000o}{section.4.4}% 66
\BOOKMARK [2][-]{subsection.4.4.2}{\376\377\000H\000i\036\307\000n\000\040\000t\000h\036\361\000c\000\040\000v\000\340\000\040\000T\000\371\000y\000\040\000c\000h\036\311\000n\000h\000\040\000R\000e\000c\000i\000p\000e\000\040\000S\000W\000U\000p\000d\000a\000t\000e}{section.4.4}% 67
\BOOKMARK [2][-]{subsection.4.4.3}{\376\377\000X\000\342\000y\000\040\000d\036\361\000n\000g\000\040\000K\036\313\000c\000h\000\040\000b\036\243\000n\000\040\000M\000\364\000\040\000t\036\243\000\040\000H\036\307\000\040\000t\000h\036\321\000n\000g\000\040}{section.4.4}% 68
\BOOKMARK [2][-]{subsection.4.4.4}{\376\377\000H\000i\036\307\000n\000\040\000t\000h\036\361\000c\000\040\000K\036\313\000c\000h\000\040\000b\036\243\000n\000\040\000H\036\255\000u\000\040\000c\036\255\000p\000\040\000n\000h\036\255\000t\000\040\000v\000\340\000\040\000G\000i\000a\000o\000\040\000t\000i\036\277\000p\000\040\000B\000o\000o\000t\000l\000o\000a\000d\000e\000r}{section.4.4}% 69
\BOOKMARK [2][-]{subsection.4.4.5}{\376\377\000Q\000u\000y\000\040\000t\000r\000\354\000n\000h\000\040\001\020\000\363\000n\000g\000\040\000g\000\363\000i\000\040\000v\000\340\000\040\000T\000r\000i\036\303\000n\000\040\000k\000h\000a\000i\000\040\000V\036\255\000n\000\040\000h\000\340\000n\000h\000\040\000T\000h\036\361\000c\000\040\000t\036\277}{section.4.4}% 70
\BOOKMARK [1][-]{section.4.5}{\376\377\000H\000i\036\307\000n\000\040\000t\000h\036\361\000c\000\040\000T\000o\000o\000l\000\040\000B\000u\000i\000l\000d\000\040\000Y\000o\000c\000t\000o}{chapter.4}% 71
\BOOKMARK [2][-]{subsection.4.5.1}{\376\377\000K\000i\036\277\000n\000\040\000t\000r\000\372\000c\000\040\000p\000h\000\342\000n\000\040\000l\036\333\000p\000\040\000v\000\340\000\040\000L\000u\036\323\000n\000g\000\040\000d\036\357\000\040\000l\000i\036\307\000u}{section.4.5}% 72
\BOOKMARK [2][-]{subsection.4.5.2}{\376\377\000H\000i\036\307\000n\000\040\000t\000h\036\361\000c\000\040\000L\036\333\000p\000\040\000B\000a\000c\000k\000e\000n\000d\000\040\000\050\000F\000l\000a\000s\000k\000\040\000A\000P\000I\000\051}{section.4.5}% 73
\BOOKMARK [2][-]{subsection.4.5.3}{\376\377\000H\000i\036\307\000n\000\040\000t\000h\036\361\000c\000\040\000G\000i\000a\000o\000\040\000d\000i\036\307\000n\000\040\000n\000g\001\260\036\335\000i\000\040\000d\000\371\000n\000g\000\040\000\050\000F\000r\000o\000n\000t\000e\000n\000d\000\040\000T\000U\000I\000\051}{section.4.5}% 74
\BOOKMARK [2][-]{subsection.4.5.4}{\376\377\000T\000\355\000c\000h\000\040\000h\036\343\000p\000\040\000c\000\341\000c\000\040\000m\000o\000d\000u\000l\000e\000\040\000p\000h\000\342\000n\000\040\000t\000\355\000c\000h\000\040\000t\000h\000\364\000n\000g\000\040\000m\000i\000n\000h}{section.4.5}% 75
\BOOKMARK [0][-]{chapter.5}{\376\377\000K\036\277\000t\000\040\000q\000u\036\243\000\040\000v\000\340\000\040\001\021\000\341\000n\000h\000\040\000g\000i\000\341}{}% 76
\BOOKMARK [1][-]{section.5.1}{\376\377\000T\036\325\000n\000g\000\040\000q\000u\000a\000n\000\040\000k\036\277\000t\000\040\000q\000u\036\243\000\040\000h\000i\036\307\000n\000\040\000t\000h\036\361\000c}{chapter.5}% 77
\BOOKMARK [1][-]{section.5.2}{\376\377\000B\036\243\000o\000\040\000m\036\255\000t\000\040\000h\036\307\000\040\000t\000h\036\321\000n\000g}{chapter.5}% 78
\BOOKMARK [2][-]{subsection.5.2.1}{\376\377\000S\000e\000l\000i\000n\000u\000x}{section.5.2}% 79
\BOOKMARK [2][-]{subsection.5.2.2}{\376\377\000d\000m\000-\000v\000e\000r\000i\000t\000y}{section.5.2}% 80
\BOOKMARK [1][-]{section.5.3}{\376\377\000D\000e\000v\000i\000c\000e\000\040\000D\000r\000i\000v\000e\000r}{chapter.5}% 81
\BOOKMARK [2][-]{subsection.5.3.1}{\376\377\000D\000r\000i\000v\000e\000r\000\040\000I\0002\000C}{section.5.3}% 82
\BOOKMARK [2][-]{subsection.5.3.2}{\376\377\000D\000r\000i\000v\000e\000r\000\040\000R\000S\0004\0008\0005\000\040\000M\000o\000d\000b\000u\000s\000\040\000R\000T\000U}{section.5.3}% 83
\BOOKMARK [1][-]{section.5.4}{\376\377\000K\000h\036\321\000i\000\040\000x\036\355\000\040\000l\000\375\000\040\000A\000I}{chapter.5}% 84
\BOOKMARK [2][-]{subsection.5.4.1}{\376\377\000C\000\341\000c\000\040\000t\036\307\000p\000\040\000t\000i\000n\000\040\000s\036\243\000n\000\040\000p\000h\036\251\000m\000\040\000s\000a\000u\000\040\000h\000i\036\307\000n\000\040\000t\000h\036\361\000c\000\040\000\050\000A\000r\000t\000i\000f\000a\000c\000t\000s\000\051}{section.5.4}% 85
\BOOKMARK [2][-]{subsection.5.4.2}{\376\377\001\020\036\267\000c\000\040\000t\000\355\000n\000h\000\040\000k\036\371\000\040\000t\000h\000u\036\255\000t\000\040\000v\000\340\000\040\000T\000\340\000i\000\040\000n\000g\000u\000y\000\352\000n\000\040\000h\036\307\000\040\000t\000h\036\321\000n\000g}{section.5.4}% 86
\BOOKMARK [2][-]{subsection.5.4.3}{\376\377\000P\000h\000\342\000n\000\040\000t\000\355\000c\000h\000\040\000q\000u\000\341\000\040\000t\000r\000\354\000n\000h\000\040\000h\000u\036\245\000n\000\040\000l\000u\000y\036\307\000n\000\040\000v\000\340\000\040\000h\036\331\000i\000\040\000t\036\345}{section.5.4}% 87
\BOOKMARK [2][-]{subsection.5.4.4}{\376\377\001\020\000\341\000n\000h\000\040\000g\000i\000\341\000\040\000s\001\241\000\040\000b\036\331\000\040\000c\000\341\000c\000\040\000c\000h\036\311\000\040\000s\036\321\000\040\000s\000a\000i\000\040\000s\036\321\000\040\000\050\000M\000e\000t\000r\000i\000c\000s\000\051}{section.5.4}% 88
\BOOKMARK [2][-]{subsection.5.4.5}{\376\377\000K\000i\036\303\000m\000\040\001\021\036\313\000n\000h\000\040\000k\000h\036\243\000\040\000n\001\003\000n\000g\000\040\000I\000n\000f\000e\000r\000e\000n\000c\000e\000\040\000t\000r\000\352\000n\000\040\000p\000h\036\247\000n\000\040\000c\036\351\000n\000g\000\040\000R\000a\000s\000p\000b\000e\000r\000r\000y\000\040\000P\000i\000\040\0004}{section.5.4}% 89
\BOOKMARK [1][-]{section.5.5}{\376\377\000C\000\364\000n\000g\000\040\000c\036\345\000\040\000S\000e\000c\000u\000r\000e\000-\000Y\000o\000c\000t\000o\000\040\000B\000u\000i\000l\000d\000e\000r}{chapter.5}% 90
\BOOKMARK [2][-]{subsection.5.5.1}{\376\377\000K\036\277\000t\000\040\000q\000u\036\243\000\040\000h\000i\036\307\000n\000\040\000t\000h\036\361\000c\000\040\000c\000\364\000n\000g\000\040\000c\036\345\000\040\000S\000e\000c\000u\000r\000e\000-\000Y\000o\000c\000t\000o\000\040\000B\000u\000i\000l\000d\000e\000r}{section.5.5}% 91
\BOOKMARK [2][-]{subsection.5.5.2}{\376\377\001\020\000\341\000n\000h\000\040\000g\000i\000\341\000\040\000v\000\340\000\040\000n\000h\036\255\000n\000\040\000x\000\351\000t}{section.5.5}% 92
\BOOKMARK [1][-]{section.5.6}{\376\377\000H\036\307\000\040\000t\000h\036\321\000n\000g\000\040\000O\000T\000A}{chapter.5}% 93
\BOOKMARK [2][-]{subsection.5.6.1}{\376\377\000G\000i\000a\000o\000\040\000d\000i\036\307\000n\000\040\000q\000u\036\243\000n\000\040\000t\000r\036\313\000\040\000W\000e\000b\000\040\000\050\000W\000e\000b\000\040\000U\000I\000\051}{section.5.6}% 94
\BOOKMARK [2][-]{subsection.5.6.2}{\376\377\000Q\000u\000\341\000\040\000t\000r\000\354\000n\000h\000\040\000t\000h\036\361\000c\000\040\000t\000h\000i\000\040\000v\000\340\000\040\000p\000h\000\342\000n\000\040\000t\000\355\000c\000h\000\040\000L\000o\000g\000\040\000h\036\307\000\040\000t\000h\036\321\000n\000g}{section.5.6}% 95
\BOOKMARK [2][-]{subsection.5.6.3}{\376\377\001\020\000\341\000n\000h\000\040\000g\000i\000\341\000\040\000h\000i\036\307\000u\000\040\000n\001\003\000n\000g\000\040\000v\000\340\000\040\001\021\036\331\000\040\000t\000i\000n\000\040\000c\036\255\000y}{section.5.6}% 96
\BOOKMARK [1][-]{section.5.7}{\376\377\000D\000a\000s\000h\000b\000o\000a\000r\000d\000\040\000g\000i\000\341\000m\000\040\000s\000\341\000t}{chapter.5}% 97
\BOOKMARK [2][-]{subsection.5.7.1}{\376\377\000T\000h\000i\036\277\000t\000\040\000k\036\277\000\040\000g\000i\000a\000o\000\040\000d\000i\036\307\000n\000\040\000D\000a\000s\000h\000b\000o\000a\000r\000d\000\040\000C\000o\000r\000e\000I\000o\000t}{section.5.7}% 98
\BOOKMARK [2][-]{subsection.5.7.2}{\376\377\000T\000h\000i\036\277\000t\000\040\000k\036\277\000\040\000g\000i\000a\000o\000\040\000d\000i\036\307\000n\000\040\000H\000D\000M\000I\000\040\000D\000a\000s\000h\000b\000o\000a\000r\000d}{section.5.7}% 99
\BOOKMARK [0][-]{chapter.6}{\376\377\000K\036\277\000t\000\040\000l\000u\036\255\000n\000\040\000v\000\340\000\040\000h\001\260\036\333\000n\000g\000\040\000p\000h\000\341\000t\000\040\000t\000r\000i\036\303\000n\000\040}{}% 100
\BOOKMARK [1][-]{section.6.1}{\376\377\000K\036\277\000t\000\040\000l\000u\036\255\000n}{chapter.6}% 101
\BOOKMARK [1][-]{section.6.2}{\376\377\000H\001\260\036\333\000n\000g\000\040\000p\000h\000\341\000t\000\040\000t\000r\000i\036\303\000n}{chapter.6}% 102
